To honour the JVM settings for this build a single-use Daemon process will be forked. For more on this, please refer to https://docs.gradle.org/8.11.1/userguide/gradle_daemon.html#sec:disabling_the_daemon in the Gradle documentation.
Daemon will be stopped at the end of the build 
Problem in daemon expiration check
org.gradle.internal.jvm.JavaHomeException: The supplied javaHome seems to be invalid. I cannot find the java executable. Tried location: C:\Program Files\Java\jdk-22\bin\java.exe
	at org.gradle.internal.jvm.Jvm.findExecutable(Jvm.java:187)
	at org.gradle.internal.jvm.Jvm.getJavaExecutable(Jvm.java:212)
	at org.gradle.internal.jvm.Jvm.forHome(Jvm.java:115)
	at org.gradle.launcher.daemon.context.DaemonCompatibilitySpec.jvmCompatible(DaemonCompatibilitySpec.java:82)
	at org.gradle.launcher.daemon.context.DaemonCompatibilitySpec.whyUnsatisfied(DaemonCompatibilitySpec.java:42)
	at org.gradle.launcher.daemon.context.DaemonCompatibilitySpec.isSatisfiedBy(DaemonCompatibilitySpec.java:37)
	at org.gradle.launcher.daemon.context.DaemonCompatibilitySpec.isSatisfiedBy(DaemonCompatibilitySpec.java:27)
	at org.gradle.launcher.daemon.server.CompatibleDaemonExpirationStrategy.lambda$checkExpiration$0(CompatibleDaemonExpirationStrategy.java:48)
	at org.gradle.util.internal.CollectionUtils.filter(CollectionUtils.java:139)
	at org.gradle.util.internal.CollectionUtils.filter(CollectionUtils.java:112)
	at org.gradle.launcher.daemon.server.CompatibleDaemonExpirationStrategy.checkExpiration(CompatibleDaemonExpirationStrategy.java:47)
	at org.gradle.launcher.daemon.server.expiry.AllDaemonExpirationStrategy.checkExpiration(AllDaemonExpirationStrategy.java:47)
	at org.gradle.launcher.daemon.server.expiry.AnyDaemonExpirationStrategy.checkExpiration(AnyDaemonExpirationStrategy.java:44)
	at org.gradle.launcher.daemon.server.MasterExpirationStrategy.checkExpiration(MasterExpirationStrategy.java:76)
	at org.gradle.launcher.daemon.server.Daemon$DaemonExpirationPeriodicCheck.run(Daemon.java:272)
	at org.gradle.internal.concurrent.ExecutorPolicy$CatchAndRecordFailures.onExecute(ExecutorPolicy.java:64)
	at org.gradle.internal.concurrent.AbstractManagedExecutor$1.run(AbstractManagedExecutor.java:48)
	at java.base/java.util.concurrent.Executors$RunnableAdapter.call(Executors.java:539)
	at java.base/java.util.concurrent.FutureTask.runAndReset(FutureTask.java:305)
	at java.base/java.util.concurrent.ScheduledThreadPoolExecutor$ScheduledFutureTask.run(ScheduledThreadPoolExecutor.java:305)
	at java.base/java.util.concurrent.ThreadPoolExecutor.runWorker(ThreadPoolExecutor.java:1136)
	at java.base/java.util.concurrent.ThreadPoolExecutor$Worker.run(ThreadPoolExecutor.java:635)
	at java.base/java.lang.Thread.run(Thread.java:842)
Problem in daemon expiration check
org.gradle.internal.jvm.JavaHomeException: The supplied javaHome seems to be invalid. I cannot find the java executable. Tried location: C:\Program Files\Java\jdk-22\bin\java.exe
	at org.gradle.internal.jvm.Jvm.findExecutable(Jvm.java:187)
	at org.gradle.internal.jvm.Jvm.getJavaExecutable(Jvm.java:212)
	at org.gradle.internal.jvm.Jvm.forHome(Jvm.java:115)
	at org.gradle.launcher.daemon.context.DaemonCompatibilitySpec.jvmCompatible(DaemonCompatibilitySpec.java:82)
	at org.gradle.launcher.daemon.context.DaemonCompatibilitySpec.whyUnsatisfied(DaemonCompatibilitySpec.java:42)
	at org.gradle.launcher.daemon.context.DaemonCompatibilitySpec.isSatisfiedBy(DaemonCompatibilitySpec.java:37)
	at org.gradle.launcher.daemon.context.DaemonCompatibilitySpec.isSatisfiedBy(DaemonCompatibilitySpec.java:27)
	at org.gradle.launcher.daemon.server.CompatibleDaemonExpirationStrategy.lambda$checkExpiration$0(CompatibleDaemonExpirationStrategy.java:48)
	at org.gradle.util.internal.CollectionUtils.filter(CollectionUtils.java:139)
	at org.gradle.util.internal.CollectionUtils.filter(CollectionUtils.java:112)
	at org.gradle.launcher.daemon.server.CompatibleDaemonExpirationStrategy.checkExpiration(CompatibleDaemonExpirationStrategy.java:47)
	at org.gradle.launcher.daemon.server.expiry.AllDaemonExpirationStrategy.checkExpiration(AllDaemonExpirationStrategy.java:47)
	at org.gradle.launcher.daemon.server.expiry.AnyDaemonExpirationStrategy.checkExpiration(AnyDaemonExpirationStrategy.java:44)
	at org.gradle.launcher.daemon.server.MasterExpirationStrategy.checkExpiration(MasterExpirationStrategy.java:76)
	at org.gradle.launcher.daemon.server.Daemon$DaemonExpirationPeriodicCheck.run(Daemon.java:272)
	at org.gradle.internal.concurrent.ExecutorPolicy$CatchAndRecordFailures.onExecute(ExecutorPolicy.java:64)
	at org.gradle.internal.concurrent.AbstractManagedExecutor$1.run(AbstractManagedExecutor.java:48)
	at java.base/java.util.concurrent.Executors$RunnableAdapter.call(Executors.java:539)
	at java.base/java.util.concurrent.FutureTask.runAndReset(FutureTask.java:305)
	at java.base/java.util.concurrent.ScheduledThreadPoolExecutor$ScheduledFutureTask.run(ScheduledThreadPoolExecutor.java:305)
	at java.base/java.util.concurrent.ThreadPoolExecutor.runWorker(ThreadPoolExecutor.java:1136)
	at java.base/java.util.concurrent.ThreadPoolExecutor$Worker.run(ThreadPoolExecutor.java:635)
	at java.base/java.lang.Thread.run(Thread.java:842)
> Task :app:preBuild UP-TO-DATE
> Task :app:preDebugBuild UP-TO-DATE
> Task :app:mergeDebugNativeDebugMetadata NO-SOURCE
> Task :app:checkKotlinGradlePluginConfigurationErrors SKIPPED
> Task :app:checkDebugAarMetadata UP-TO-DATE
> Task :app:generateDebugResValues UP-TO-DATE
> Task :app:mapDebugSourceSetPaths UP-TO-DATE
> Task :app:generateDebugResources UP-TO-DATE
> Task :app:mergeDebugResources UP-TO-DATE
> Task :app:packageDebugResources UP-TO-DATE
> Task :app:parseDebugLocalResources UP-TO-DATE
> Task :app:createDebugCompatibleScreenManifests UP-TO-DATE
> Task :app:extractDeepLinksDebug UP-TO-DATE
> Task :app:processDebugMainManifest UP-TO-DATE
> Task :app:processDebugManifest UP-TO-DATE
> Task :app:processDebugManifestForPackage UP-TO-DATE
> Task :app:processDebugResources UP-TO-DATE
> Task :app:javaPreCompileDebug UP-TO-DATE
> Task :app:mergeDebugShaders UP-TO-DATE
> Task :app:compileDebugShaders NO-SOURCE
> Task :app:generateDebugAssets UP-TO-DATE
> Task :app:mergeDebugAssets UP-TO-DATE
> Task :app:compressDebugAssets UP-TO-DATE
> Task :app:desugarDebugFileDependencies UP-TO-DATE
> Task :app:checkDebugDuplicateClasses UP-TO-DATE
> Task :app:mergeExtDexDebug UP-TO-DATE
> Task :app:mergeLibDexDebug UP-TO-DATE
> Task :app:mergeDebugJniLibFolders UP-TO-DATE
> Task :app:mergeDebugNativeLibs UP-TO-DATE
> Task :app:stripDebugDebugSymbols UP-TO-DATE
> Task :app:validateSigningDebug UP-TO-DATE
> Task :app:writeDebugAppMetadata UP-TO-DATE
> Task :app:writeDebugSigningConfigVersions UP-TO-DATE
Problem in daemon expiration check
org.gradle.internal.jvm.JavaHomeException: The supplied javaHome seems to be invalid. I cannot find the java executable. Tried location: C:\Program Files\Java\jdk-22\bin\java.exe
	at org.gradle.internal.jvm.Jvm.findExecutable(Jvm.java:187)
	at org.gradle.internal.jvm.Jvm.getJavaExecutable(Jvm.java:212)
	at org.gradle.internal.jvm.Jvm.forHome(Jvm.java:115)
	at org.gradle.launcher.daemon.context.DaemonCompatibilitySpec.jvmCompatible(DaemonCompatibilitySpec.java:82)
	at org.gradle.launcher.daemon.context.DaemonCompatibilitySpec.whyUnsatisfied(DaemonCompatibilitySpec.java:42)
	at org.gradle.launcher.daemon.context.DaemonCompatibilitySpec.isSatisfiedBy(DaemonCompatibilitySpec.java:37)
	at org.gradle.launcher.daemon.context.DaemonCompatibilitySpec.isSatisfiedBy(DaemonCompatibilitySpec.java:27)
	at org.gradle.launcher.daemon.server.CompatibleDaemonExpirationStrategy.lambda$checkExpiration$0(CompatibleDaemonExpirationStrategy.java:48)
	at org.gradle.util.internal.CollectionUtils.filter(CollectionUtils.java:139)
	at org.gradle.util.internal.CollectionUtils.filter(CollectionUtils.java:112)
	at org.gradle.launcher.daemon.server.CompatibleDaemonExpirationStrategy.checkExpiration(CompatibleDaemonExpirationStrategy.java:47)
	at org.gradle.launcher.daemon.server.expiry.AllDaemonExpirationStrategy.checkExpiration(AllDaemonExpirationStrategy.java:47)
	at org.gradle.launcher.daemon.server.expiry.AnyDaemonExpirationStrategy.checkExpiration(AnyDaemonExpirationStrategy.java:44)
	at org.gradle.launcher.daemon.server.MasterExpirationStrategy.checkExpiration(MasterExpirationStrategy.java:76)
	at org.gradle.launcher.daemon.server.Daemon$DaemonExpirationPeriodicCheck.run(Daemon.java:272)
	at org.gradle.internal.concurrent.ExecutorPolicy$CatchAndRecordFailures.onExecute(ExecutorPolicy.java:64)
	at org.gradle.internal.concurrent.AbstractManagedExecutor$1.run(AbstractManagedExecutor.java:48)
	at java.base/java.util.concurrent.Executors$RunnableAdapter.call(Executors.java:539)
	at java.base/java.util.concurrent.FutureTask.runAndReset(FutureTask.java:305)
	at java.base/java.util.concurrent.ScheduledThreadPoolExecutor$ScheduledFutureTask.run(ScheduledThreadPoolExecutor.java:305)
	at java.base/java.util.concurrent.ThreadPoolExecutor.runWorker(ThreadPoolExecutor.java:1136)
	at java.base/java.util.concurrent.ThreadPoolExecutor$Worker.run(ThreadPoolExecutor.java:635)
	at java.base/java.lang.Thread.run(Thread.java:842)
Problem in daemon expiration check
org.gradle.internal.jvm.JavaHomeException: The supplied javaHome seems to be invalid. I cannot find the java executable. Tried location: C:\Program Files\Java\jdk-22\bin\java.exe
	at org.gradle.internal.jvm.Jvm.findExecutable(Jvm.java:187)
	at org.gradle.internal.jvm.Jvm.getJavaExecutable(Jvm.java:212)
	at org.gradle.internal.jvm.Jvm.forHome(Jvm.java:115)
	at org.gradle.launcher.daemon.context.DaemonCompatibilitySpec.jvmCompatible(DaemonCompatibilitySpec.java:82)
	at org.gradle.launcher.daemon.context.DaemonCompatibilitySpec.whyUnsatisfied(DaemonCompatibilitySpec.java:42)
	at org.gradle.launcher.daemon.context.DaemonCompatibilitySpec.isSatisfiedBy(DaemonCompatibilitySpec.java:37)
	at org.gradle.launcher.daemon.context.DaemonCompatibilitySpec.isSatisfiedBy(DaemonCompatibilitySpec.java:27)
	at org.gradle.launcher.daemon.server.CompatibleDaemonExpirationStrategy.lambda$checkExpiration$0(CompatibleDaemonExpirationStrategy.java:48)
	at org.gradle.util.internal.CollectionUtils.filter(CollectionUtils.java:139)
	at org.gradle.util.internal.CollectionUtils.filter(CollectionUtils.java:112)
	at org.gradle.launcher.daemon.server.CompatibleDaemonExpirationStrategy.checkExpiration(CompatibleDaemonExpirationStrategy.java:47)
	at org.gradle.launcher.daemon.server.expiry.AllDaemonExpirationStrategy.checkExpiration(AllDaemonExpirationStrategy.java:47)
	at org.gradle.launcher.daemon.server.expiry.AnyDaemonExpirationStrategy.checkExpiration(AnyDaemonExpirationStrategy.java:44)
	at org.gradle.launcher.daemon.server.MasterExpirationStrategy.checkExpiration(MasterExpirationStrategy.java:76)
	at org.gradle.launcher.daemon.server.Daemon$DaemonExpirationPeriodicCheck.run(Daemon.java:272)
	at org.gradle.internal.concurrent.ExecutorPolicy$CatchAndRecordFailures.onExecute(ExecutorPolicy.java:64)
	at org.gradle.internal.concurrent.AbstractManagedExecutor$1.run(AbstractManagedExecutor.java:48)
	at java.base/java.util.concurrent.Executors$RunnableAdapter.call(Executors.java:539)
	at java.base/java.util.concurrent.FutureTask.runAndReset(FutureTask.java:305)
	at java.base/java.util.concurrent.ScheduledThreadPoolExecutor$ScheduledFutureTask.run(ScheduledThreadPoolExecutor.java:305)
	at java.base/java.util.concurrent.ThreadPoolExecutor.runWorker(ThreadPoolExecutor.java:1136)
	at java.base/java.util.concurrent.ThreadPoolExecutor$Worker.run(ThreadPoolExecutor.java:635)
	at java.base/java.lang.Thread.run(Thread.java:842)
> Task :app:kspDebugKotlin

> Task :app:compileDebugKotlin
w: intrinsicRemember is deprecated. Use plugin:androidx.compose.compiler.plugins.kotlin:featureFlag=IntrinsicRemember instead
w: nonSkippingGroupOptimization is deprecated. Use plugin:androidx.compose.compiler.plugins.kotlin:featureFlag=OptimizeNonSkippingGroups instead
w: experimentalStrongSkipping is deprecated. Use plugin:androidx.compose.compiler.plugins.kotlin:featureFlag=StrongSkipping instead
w: intrinsicRemember is deprecated. Use plugin:androidx.compose.compiler.plugins.kotlin:featureFlag=IntrinsicRemember instead
w: nonSkippingGroupOptimization is deprecated. Use plugin:androidx.compose.compiler.plugins.kotlin:featureFlag=OptimizeNonSkippingGroups instead
w: experimentalStrongSkipping is deprecated. Use plugin:androidx.compose.compiler.plugins.kotlin:featureFlag=StrongSkipping instead
Problem in daemon expiration check
org.gradle.internal.jvm.JavaHomeException: The supplied javaHome seems to be invalid. I cannot find the java executable. Tried location: C:\Program Files\Java\jdk-22\bin\java.exe
	at org.gradle.internal.jvm.Jvm.findExecutable(Jvm.java:187)
	at org.gradle.internal.jvm.Jvm.getJavaExecutable(Jvm.java:212)
	at org.gradle.internal.jvm.Jvm.forHome(Jvm.java:115)
	at org.gradle.launcher.daemon.context.DaemonCompatibilitySpec.jvmCompatible(DaemonCompatibilitySpec.java:82)
	at org.gradle.launcher.daemon.context.DaemonCompatibilitySpec.whyUnsatisfied(DaemonCompatibilitySpec.java:42)
	at org.gradle.launcher.daemon.context.DaemonCompatibilitySpec.isSatisfiedBy(DaemonCompatibilitySpec.java:37)
	at org.gradle.launcher.daemon.context.DaemonCompatibilitySpec.isSatisfiedBy(DaemonCompatibilitySpec.java:27)
	at org.gradle.launcher.daemon.server.CompatibleDaemonExpirationStrategy.lambda$checkExpiration$0(CompatibleDaemonExpirationStrategy.java:48)
	at org.gradle.util.internal.CollectionUtils.filter(CollectionUtils.java:139)
	at org.gradle.util.internal.CollectionUtils.filter(CollectionUtils.java:112)
	at org.gradle.launcher.daemon.server.CompatibleDaemonExpirationStrategy.checkExpiration(CompatibleDaemonExpirationStrategy.java:47)
	at org.gradle.launcher.daemon.server.expiry.AllDaemonExpirationStrategy.checkExpiration(AllDaemonExpirationStrategy.java:47)
	at org.gradle.launcher.daemon.server.expiry.AnyDaemonExpirationStrategy.checkExpiration(AnyDaemonExpirationStrategy.java:44)
	at org.gradle.launcher.daemon.server.MasterExpirationStrategy.checkExpiration(MasterExpirationStrategy.java:76)
	at org.gradle.launcher.daemon.server.Daemon$DaemonExpirationPeriodicCheck.run(Daemon.java:272)
	at org.gradle.internal.concurrent.ExecutorPolicy$CatchAndRecordFailures.onExecute(ExecutorPolicy.java:64)
	at org.gradle.internal.concurrent.AbstractManagedExecutor$1.run(AbstractManagedExecutor.java:48)
	at java.base/java.util.concurrent.Executors$RunnableAdapter.call(Executors.java:539)
	at java.base/java.util.concurrent.FutureTask.runAndReset(FutureTask.java:305)
	at java.base/java.util.concurrent.ScheduledThreadPoolExecutor$ScheduledFutureTask.run(ScheduledThreadPoolExecutor.java:305)
	at java.base/java.util.concurrent.ThreadPoolExecutor.runWorker(ThreadPoolExecutor.java:1136)
	at java.base/java.util.concurrent.ThreadPoolExecutor$Worker.run(ThreadPoolExecutor.java:635)
	at java.base/java.lang.Thread.run(Thread.java:842)

> Task :app:compileDebugJavaWithJavac
> Task :app:hiltAggregateDepsDebug UP-TO-DATE
Problem in daemon expiration check
org.gradle.internal.jvm.JavaHomeException: The supplied javaHome seems to be invalid. I cannot find the java executable. Tried location: C:\Program Files\Java\jdk-22\bin\java.exe
	at org.gradle.internal.jvm.Jvm.findExecutable(Jvm.java:187)
	at org.gradle.internal.jvm.Jvm.getJavaExecutable(Jvm.java:212)
	at org.gradle.internal.jvm.Jvm.forHome(Jvm.java:115)
	at org.gradle.launcher.daemon.context.DaemonCompatibilitySpec.jvmCompatible(DaemonCompatibilitySpec.java:82)
	at org.gradle.launcher.daemon.context.DaemonCompatibilitySpec.whyUnsatisfied(DaemonCompatibilitySpec.java:42)
	at org.gradle.launcher.daemon.context.DaemonCompatibilitySpec.isSatisfiedBy(DaemonCompatibilitySpec.java:37)
	at org.gradle.launcher.daemon.context.DaemonCompatibilitySpec.isSatisfiedBy(DaemonCompatibilitySpec.java:27)
	at org.gradle.launcher.daemon.server.CompatibleDaemonExpirationStrategy.lambda$checkExpiration$0(CompatibleDaemonExpirationStrategy.java:48)
	at org.gradle.util.internal.CollectionUtils.filter(CollectionUtils.java:139)
	at org.gradle.util.internal.CollectionUtils.filter(CollectionUtils.java:112)
	at org.gradle.launcher.daemon.server.CompatibleDaemonExpirationStrategy.checkExpiration(CompatibleDaemonExpirationStrategy.java:47)
	at org.gradle.launcher.daemon.server.expiry.AllDaemonExpirationStrategy.checkExpiration(AllDaemonExpirationStrategy.java:47)
	at org.gradle.launcher.daemon.server.expiry.AnyDaemonExpirationStrategy.checkExpiration(AnyDaemonExpirationStrategy.java:44)
	at org.gradle.launcher.daemon.server.MasterExpirationStrategy.checkExpiration(MasterExpirationStrategy.java:76)
	at org.gradle.launcher.daemon.server.Daemon$DaemonExpirationPeriodicCheck.run(Daemon.java:272)
	at org.gradle.internal.concurrent.ExecutorPolicy$CatchAndRecordFailures.onExecute(ExecutorPolicy.java:64)
	at org.gradle.internal.concurrent.AbstractManagedExecutor$1.run(AbstractManagedExecutor.java:48)
	at java.base/java.util.concurrent.Executors$RunnableAdapter.call(Executors.java:539)
	at java.base/java.util.concurrent.FutureTask.runAndReset(FutureTask.java:305)
	at java.base/java.util.concurrent.ScheduledThreadPoolExecutor$ScheduledFutureTask.run(ScheduledThreadPoolExecutor.java:305)
	at java.base/java.util.concurrent.ThreadPoolExecutor.runWorker(ThreadPoolExecutor.java:1136)
	at java.base/java.util.concurrent.ThreadPoolExecutor$Worker.run(ThreadPoolExecutor.java:635)
	at java.base/java.lang.Thread.run(Thread.java:842)
> Task :app:hiltJavaCompileDebug
> Task :app:processDebugJavaRes
Problem in daemon expiration check
org.gradle.internal.jvm.JavaHomeException: The supplied javaHome seems to be invalid. I cannot find the java executable. Tried location: C:\Program Files\Java\jdk-22\bin\java.exe
	at org.gradle.internal.jvm.Jvm.findExecutable(Jvm.java:187)
	at org.gradle.internal.jvm.Jvm.getJavaExecutable(Jvm.java:212)
	at org.gradle.internal.jvm.Jvm.forHome(Jvm.java:115)
	at org.gradle.launcher.daemon.context.DaemonCompatibilitySpec.jvmCompatible(DaemonCompatibilitySpec.java:82)
	at org.gradle.launcher.daemon.context.DaemonCompatibilitySpec.whyUnsatisfied(DaemonCompatibilitySpec.java:42)
	at org.gradle.launcher.daemon.context.DaemonCompatibilitySpec.isSatisfiedBy(DaemonCompatibilitySpec.java:37)
	at org.gradle.launcher.daemon.context.DaemonCompatibilitySpec.isSatisfiedBy(DaemonCompatibilitySpec.java:27)
	at org.gradle.launcher.daemon.server.CompatibleDaemonExpirationStrategy.lambda$checkExpiration$0(CompatibleDaemonExpirationStrategy.java:48)
	at org.gradle.util.internal.CollectionUtils.filter(CollectionUtils.java:139)
	at org.gradle.util.internal.CollectionUtils.filter(CollectionUtils.java:112)
	at org.gradle.launcher.daemon.server.CompatibleDaemonExpirationStrategy.checkExpiration(CompatibleDaemonExpirationStrategy.java:47)
	at org.gradle.launcher.daemon.server.expiry.AllDaemonExpirationStrategy.checkExpiration(AllDaemonExpirationStrategy.java:47)
	at org.gradle.launcher.daemon.server.expiry.AnyDaemonExpirationStrategy.checkExpiration(AnyDaemonExpirationStrategy.java:44)
	at org.gradle.launcher.daemon.server.MasterExpirationStrategy.checkExpiration(MasterExpirationStrategy.java:76)
	at org.gradle.launcher.daemon.server.Daemon$DaemonExpirationPeriodicCheck.run(Daemon.java:272)
	at org.gradle.internal.concurrent.ExecutorPolicy$CatchAndRecordFailures.onExecute(ExecutorPolicy.java:64)
	at org.gradle.internal.concurrent.AbstractManagedExecutor$1.run(AbstractManagedExecutor.java:48)
	at java.base/java.util.concurrent.Executors$RunnableAdapter.call(Executors.java:539)
	at java.base/java.util.concurrent.FutureTask.runAndReset(FutureTask.java:305)
	at java.base/java.util.concurrent.ScheduledThreadPoolExecutor$ScheduledFutureTask.run(ScheduledThreadPoolExecutor.java:305)
	at java.base/java.util.concurrent.ThreadPoolExecutor.runWorker(ThreadPoolExecutor.java:1136)
	at java.base/java.util.concurrent.ThreadPoolExecutor$Worker.run(ThreadPoolExecutor.java:635)
	at java.base/java.lang.Thread.run(Thread.java:842)
> Task :app:mergeDebugJavaResource FAILED
> Task :app:transformDebugClassesWithAsm

FAILURE: Build failed with an exception.

* What went wrong:
Execution failed for task ':app:mergeDebugJavaResource'.
> A failure occurred while executing com.android.build.gradle.internal.tasks.MergeJavaResWorkAction
   > java.lang.AssertionError (no error message)

* Try:
> Run with --stacktrace option to get the stack trace.
> Run with --info or --debug option to get more log output.
> Run with --scan to get full insights.
> Get more help at https://help.gradle.org.

BUILD FAILED in 1m 18s
35 actionable tasks: 7 executed, 28 up-to-date
[BUILD] Compilando APK...
Comando: .\gradlew.bat assembleDebug --parallel --max-workers=4 -x lint -x testDebugUnitTest --no-daemon


[ERROR] Erro: APK nao foi gerado
